{keyword|using} {type|System};
{keyword|using} {type|System}.Collections.Generic;
{preproc|#region} {type|Helpers}
{keyword|namespace} {type|Demo.App};

{doc|/// }{tag|<summary>}{doc|Represents a }{tag|<see}{doc| cref="Thing"}{tag|/>}{doc|.}{tag|</summary>}
{attribute|[Serializable]}
{keyword|public} {keyword|sealed} {keyword|class} {type|Thing} : {type|IDisposable}
{
    {keyword|private} {keyword|readonly} {type|Dictionary}<{type|string}, {type|int}> _map = {keyword|new}();
    {keyword|public} {keyword|const} {type|int} {type|MaxCount} = {number|0xFF_FF};
    {keyword|public} {type|string} {type|Name} { {keyword|get}; {keyword|init}; } = {string|"n"};

{attribute|    [HttpGet("/items")]}
    {keyword|public} {keyword|async} {type|Task}<{type|List}<{type|Item}>> {function|GetItemsAsync}({type|int} count = {number|10})
    {
        {keyword|var} path = {string|@"C:\temp\}{escape|""}{string|quoted}{escape|""}{string|"};
        {keyword|var} msg = {string|$"Hello }{punct|{}{type|Name}{punct|}}{string|, you have }{punct|{}count:{type|N2}{punct|}}{string| items {{literal}} }{escape|\n}{string|"};
        {keyword|var} raw = {string|"""}
{string|            some "raw" text}
{string|            """};
        {keyword|var} nested = {string|$"a }{punct|{}(count > {number|1} ? {string|$"x}{punct|{}count{punct|}}{string|"} : {string|"none"}){punct|}}{string| b"};
        {keyword|foreach} ({keyword|var} item {keyword|in} {keyword|await} {function|Query}(count)) { {type|Console}.{function|WriteLine}(item); }
        {keyword|if} (count {keyword|is} > {number|3} {keyword|and} < {number|9} || {type|Name} == {constant|null}) {keyword|throw} {keyword|new} {type|ArgumentException}({keyword|nameof}(count));
        {type|char} c = {string|'}{escape|\'}{string|'};
        {type|decimal} price = {number|12.5m};
        {keyword|return} {keyword|default};
    }
}
{preproc|#endregion}
